<?xml version="1.0" encoding="utf-8"?><testsuites name="pytest tests"><testsuite name="pytest" errors="0" failures="0" skipped="0" tests="0" time="0.022" timestamp="2026-01-12T12:48:31.761180+02:00" hostname="CYMACQA02.local" /></testsuites>